build: ok
smoke.exe: ok  smoke: all checks passed (math, Timer, Fader on host)
smoke_actor.exe: ok  smoke_actor: all checks passed (an actor spawned, initialized, behaved and rendered throug
smoke_anim.exe: ok  smoke_anim: all checks passed (the game posed and rendered the piano via its own recursive
smoke_clsn.exe: ok  smoke_clsn: all checks passed (the game's octree walk answers ground queries over real KCL
smoke_frames.exe: ok  smoke_frames: all checks passed (24 game-shaped frames through the fiber runtime, all with
smoke_fs.exe: ok  smoke_fs: all checks passed (raw + LZ77 assets loaded through SharedFilePtr on the game he
smoke_gx.exe: ok  smoke_gx: all checks passed (game DL pump byte-equals the harness path, 492 triangles, 186
smoke_heap.exe: ok  smoke_heap: all checks passed (2504 allocs, 2496 frees, peak 63 live, 0 full-arena rejecti
smoke_model.exe: ok  smoke_model: all checks passed (the game loaded, rebased, uploaded and rendered its own mo
smoke_modelanim.exe: ok  smoke_modelanim: all checks passed (the game advanced, wrapped and re-posed its own animat
smoke_oam.exe: ok  smoke_oam: all checks passed (the game's sprite engine emits, uploads and scans out on hos
smoke_objwin.exe: ok  smoke_objwin: ok
smoke_persist.exe: ok  smoke_persist: all checks passed (wrote disk state, a second process loaded it byte-exact;
smoke_player.exe: ok  smoke_player: Mario walks on the castle grounds (gates 10+11 GREEN)
smoke_roots.exe: ok  smoke_roots: all checks passed (root heap up, 1511 allocs, 1489 frees through Memory::Allo
smoke_savestate.exe: ok  smoke_savestate: all checks passed (world evolved, saved, diverged, restored byte-exact, a
smoke_sdat.exe: ok  OK
smoke_settings.exe: ok  smoke_settings: ok, 15 cases
smoke_soak.exe: ok  soak: 455 models, 455 rendered (89840 tris total), 0 empty, 0 load-fail, 0 faulted
smoke_soak_anim.exe: ok  anim soak: 473 compatible pairs, 473 animated+rendered, 0 empty, 0 load-fail, 0 faulted
levels: 50 mounted, from hal/level_boot.cpp
selftest level 0: ok
selftest level 1: ok
selftest level 2: ok
selftest level 3: ok
selftest level 4: ok
selftest level 5: ok
selftest level 6: ok
selftest level 7: ok
selftest level 8: ok
selftest level 9: ok
selftest level 10: ok
selftest level 11: ok
selftest level 12: ok
selftest level 13: ok
selftest level 14: ok
selftest level 15: ok
selftest level 16: ok
selftest level 17: ok
selftest level 18: ok
selftest level 19: ok
selftest level 20: ok
selftest level 21: ok
selftest level 22: ok
selftest level 23: ok
selftest level 24: ok
selftest level 25: ok
selftest level 26: ok
selftest level 27: ok with SM64DS_SKIP_CLASS=TTC_MOVING_BEAM, owned by the decomp (_ZN14TtcMovingCubeA8BehaviorEv has no matched body) (bare rc=3221226505)
selftest level 28: ok
selftest level 29: ok
selftest level 30: ok
selftest level 32: ok
selftest level 33: ok
selftest level 34: ok
selftest level 35: ok
selftest level 36: ok
selftest level 37: ok
selftest level 38: ok
selftest level 39: ok
selftest level 40: ok
selftest level 42: ok
selftest level 43: ok
selftest level 44: ok
selftest level 45: ok with SM64DS_SKIP_CLASS=GOOMBOSS, owned by the decomp (func_ov074_02121380 has no matched body) (bare rc=3221226505)
selftest level 46: ok
selftest level 47: ok
selftest level 48: ok
selftest level 49: ok
selftest level 50: ok
selftest level 51: ok
scenes: 34 hosted, from hal/scene_boot.cpp
selftest scene 1: ok
selftest scene 4: ok
selftest scene 5: ok
selftest scene 6: ok
selftest scene 361: ok
selftest scene 362: ok
selftest scene 363: ok
selftest scene 364: ok
selftest scene 365: ok
selftest scene 366: ok
selftest scene 367: ok
selftest scene 368: ok
selftest scene 369: ok
selftest scene 370: ok
selftest scene 371: ok
selftest scene 372: ok
selftest scene 373: ok
selftest scene 374: ok
selftest scene 375: ok
selftest scene 376: ok
selftest scene 377: ok
selftest scene 378: ok
selftest scene 379: ok
selftest scene 380: ok
selftest scene 381: ok
selftest scene 382: ok
selftest scene 383: ok
selftest scene 384: ok
selftest scene 385: ok
selftest scene 386: ok
selftest scene 387: ok
selftest scene 388: ok
selftest scene 389: ok
selftest scene 390: ok
default boot: ok -- a bare launch reaches the TITLE, 300 frames clean, and writes its frame (589,878 bytes, liveness only)
linkage: 9508 (83.9%)
ptr_audit: 0 unhosted code pointers
shipcfg build: ok, walk_window.exe linked in build\port-kit (PORT_ROM_CLEAN, static CRT, 945s)
shipcfg selftest: ok, rc=0 and walk_window_selftest.bmp written (589,878 bytes, 9s) -- LIVENESS ONLY, not a raster comparison and not compared against the developer build's BMP (see THE SHIPPING CONFIGURATION above)
skips: level 27 without TTC_MOVING_BEAM (the decomp (_ZN14TtcMovingCubeA8BehaviorEv has no matched body)), level 45 without GOOMBOSS (the decomp (func_ov074_02121380 has no matched body))
battery: ALL GREEN
