closestplayer_guard OK: no zero argument receiver dropping calls in 9670 build active TUs (slice gate plus direct CMake append).
inferred_stub_guard: 401 seated inferred stubs live, 2 on baseline, 42 unadjudicated DEBT, 357 ROM-ADJUDICATED.
  ADJUDICATED: 357 seated body/bodies carry the marker but were disassembled from the ROM and ruled REAL DECOMP before being seated (see inferred_stub_adjudicated.txt). Each still owes a decomp-side marker correction; the entry retires when the marker line goes.
  DEBT: 42 seated guess-marked bodies discovered when this guard's slice reader was widened (see inferred_stub_debt.txt). Each needs a per-body ruling: real decomp gets its marker corrected, a genuine guess gets de-seated. This is not an approval and the list may only shrink.
inferred_stub_guard OK: no new guessed vtable body seated.
selftest PASS
verify: surface exact
selftest PASS
selftest PASS
selftest PASS
selftest PASS
selftest PASS
selftest PASS (39 arms, 0 failed)
selftest PASS (45 arms, 0 failed)
-- SQRT ARM: SQ_DIST_PLAIN=OFF -- func_02053274 is ROUTED through hostgen. This is the SHIPPED arm.
-- TITEX: TITEX_GX_PLAIN=OFF -- ov007's 12 geometry-port TUs route through hostgen (shipped arm).
-- TIDEP: TIDEP_RESET_PLAIN=OFF -- the 2 per-frame geometry reset TUs route through hostgen (shipped arm).
-- SC1: func_ov007_020c9688 still unmatched, scene 1 running on the host transcription interim
-- TITEX: func_ov007_020c4684 still unmatched, the title screen draws through the host transcription interim
-- DOODLE: src/func_ov007_020b8fd4 EXISTS, the doodle canvas interim is RETIRED and port/unmatched/Ov007_DoodleCanvas_020b8fd4.cpp is deletable
-- RT1: func_ov007_020be980 is DISPLACED to unmatched/Ov007_RideThrough_020be980.cpp, so the one-parameter body is not in this binary and scene 1's ride-through marker is RETIRED
-- AE1: func_ov007_020add3c is DISPLACED to unmatched/Ov007_ImplicitR0_020add3c.cpp, which forwards its own argument, so the no-argument call is not in this binary and scene 1's implicit-r0 marker is RETIRED
-- IR1: src/func_ov007_020c2b9c.c no longer defines itself void, so the implicit-return seam is fixed in the DECOMP and this displacement is REDUNDANT -- retire it (delete the cut in the slice loop and the host copy)
-- AE1: the flat _ZN15ModelComponents6RenderE... alias onto a __thiscall member is GONE, so scene 1's Render-slot marker is RETIRED -- if the scene now runs, delete its SCENE_BLOCKED row
-- Configuring done (2.9s)
-- Generating done (23.5s)
-- Build files have been written to: C:/tmp/l1-tail/build/port
ninja: Entering directory `C:\tmp\l1-tail\port\..\build\port'
[1/57] Building C object CMakeFiles\smoke_persist.dir\host-src\port_gittip.c.obj
[2/57] Building C object CMakeFiles\smoke_player.dir\C_\tmp\l1-tail\src\func_ov002_020b4a70.c.obj
[3/57] Building CXX object CMakeFiles\smoke_player.dir\C_\tmp\l1-tail\src\_ZN5Actor13AfterBehaviorEj.cpp.obj
[4/57] Building CXX object CMakeFiles\smoke_player.dir\C_\tmp\l1-tail\src\_ZN5Actor11AfterRenderEj.cpp.obj
[5/57] Building CXX object CMakeFiles\smoke_player.dir\C_\tmp\l1-tail\src\func_02038324.cpp.obj
[6/57] Building C object CMakeFiles\smoke_player.dir\C_\tmp\l1-tail\src\func_ov002_020b4af8.c.obj
[7/57] Building C object CMakeFiles\smoke_player.dir\C_\tmp\l1-tail\src\func_ov002_020b6664.c.obj
[8/57] Building C object CMakeFiles\smoke_player.dir\C_\tmp\l1-tail\src\func_ov002_020b660c.c.obj
[9/57] Building CXX object CMakeFiles\smoke_player.dir\hal\actor_classes_ov027.cpp.obj
[10/57] Building C object CMakeFiles\smoke_player.dir\C_\tmp\l1-tail\src\func_ov002_020b686c.c.obj
[11/57] Building C object CMakeFiles\smoke_player.dir\C_\tmp\l1-tail\src\func_ov064_02115ee0.c.obj
[12/57] Building C object CMakeFiles\smoke_player.dir\C_\tmp\l1-tail\src\func_ov002_020b6814.c.obj
[13/57] Building C object CMakeFiles\smoke_player.dir\C_\tmp\l1-tail\src\func_ov002_020b6a3c.c.obj
[14/57] Building CXX object CMakeFiles\smoke_player.dir\hal\actor_classes_ov036.cpp.obj
[15/57] Building C object CMakeFiles\smoke_player.dir\C_\tmp\l1-tail\src\func_ov002_020b69e4.c.obj
[16/57] Building CXX object CMakeFiles\smoke_player.dir\hal\actor_classes.cpp.obj
[17/57] Building C object CMakeFiles\smoke_player.dir\C_\tmp\l1-tail\src\func_ov064_02115f28.c.obj
[18/57] Building CXX object CMakeFiles\smoke_player.dir\C_\tmp\l1-tail\src\_ZN14UnchainedChompD0Ev.cpp.obj
[19/57] Building CXX object CMakeFiles\walk_window.dir\C_\tmp\l1-tail\src\func_02038324.cpp.obj
[20/57] Building CXX object CMakeFiles\walk_window.dir\C_\tmp\l1-tail\src\_ZN5Actor13AfterBehaviorEj.cpp.obj
[21/57] Building CXX object CMakeFiles\walk_window.dir\C_\tmp\l1-tail\src\_ZN5Actor11AfterRenderEj.cpp.obj
[22/57] Building C object CMakeFiles\walk_window.dir\C_\tmp\l1-tail\src\func_ov002_020b4af8.c.obj
[23/57] Building C object CMakeFiles\walk_window.dir\C_\tmp\l1-tail\src\func_ov002_020b4a70.c.obj
[24/57] Building C object CMakeFiles\walk_window.dir\C_\tmp\l1-tail\src\func_ov002_020b660c.c.obj
[25/57] Building C object CMakeFiles\walk_window.dir\C_\tmp\l1-tail\src\func_ov002_020b6664.c.obj
[26/57] Building C object CMakeFiles\walk_window.dir\C_\tmp\l1-tail\src\func_ov002_020b686c.c.obj
[27/57] Building CXX object CMakeFiles\smoke_player.dir\hal\actor_classes_ov047.cpp.obj
[28/57] Building CXX object CMakeFiles\walk_window.dir\hal\actor_classes_ov027.cpp.obj
[29/57] Building C object CMakeFiles\walk_window.dir\C_\tmp\l1-tail\src\func_ov064_02115ee0.c.obj
[30/57] Building C object CMakeFiles\walk_window.dir\C_\tmp\l1-tail\src\func_ov064_02115f28.c.obj
[31/57] Building CXX object CMakeFiles\walk_window.dir\C_\tmp\l1-tail\src\_ZN14UnchainedChompD0Ev.cpp.obj
[32/57] Building C object CMakeFiles\walk_window.dir\C_\tmp\l1-tail\src\func_ov002_020b6a3c.c.obj
[33/57] Building C object CMakeFiles\walk_window.dir\C_\tmp\l1-tail\src\func_ov002_020b6814.c.obj
[34/57] Building C object CMakeFiles\walk_window.dir\C_\tmp\l1-tail\src\func_ov002_020b69e4.c.obj
[35/57] Building CXX object CMakeFiles\walk_window.dir\hal\actor_classes_ov036.cpp.obj
[36/57] Building CXX object CMakeFiles\walk_window.dir\hal\actor_classes.cpp.obj
[37/57] Building C object CMakeFiles\walk_window.dir\host-src\port_gittip.c.obj
[38/57] Building CXX object CMakeFiles\walk_window_hires.dir\C_\tmp\l1-tail\src\func_02038324.cpp.obj
[39/57] Building CXX object CMakeFiles\walk_window_hires.dir\C_\tmp\l1-tail\src\_ZN5Actor13AfterBehaviorEj.cpp.obj
[40/57] Building CXX object CMakeFiles\walk_window_hires.dir\C_\tmp\l1-tail\src\_ZN5Actor11AfterRenderEj.cpp.obj
[41/57] Building C object CMakeFiles\walk_window_hires.dir\C_\tmp\l1-tail\src\func_ov002_020b4af8.c.obj
[42/57] Building C object CMakeFiles\walk_window_hires.dir\C_\tmp\l1-tail\src\func_ov002_020b4a70.c.obj
[43/57] Building C object CMakeFiles\walk_window_hires.dir\C_\tmp\l1-tail\src\func_ov064_02115ee0.c.obj
[44/57] Building C object CMakeFiles\walk_window_hires.dir\C_\tmp\l1-tail\src\func_ov064_02115f28.c.obj
[45/57] Building C object CMakeFiles\walk_window_hires.dir\C_\tmp\l1-tail\src\func_ov002_020b686c.c.obj
[46/57] Building CXX object CMakeFiles\walk_window_hires.dir\C_\tmp\l1-tail\src\_ZN14UnchainedChompD0Ev.cpp.obj
[47/57] Building C object CMakeFiles\walk_window_hires.dir\C_\tmp\l1-tail\src\func_ov002_020b6a3c.c.obj
[48/57] Building C object CMakeFiles\walk_window_hires.dir\C_\tmp\l1-tail\src\func_ov002_020b660c.c.obj
[49/57] Building C object CMakeFiles\walk_window_hires.dir\C_\tmp\l1-tail\src\func_ov002_020b69e4.c.obj
[50/57] Building C object CMakeFiles\walk_window_hires.dir\C_\tmp\l1-tail\src\func_ov002_020b6664.c.obj
[51/57] Building C object CMakeFiles\walk_window_hires.dir\C_\tmp\l1-tail\src\func_ov002_020b6814.c.obj
[52/57] Building C object CMakeFiles\walk_window_hires.dir\host-src\port_gittip.c.obj
[53/57] Building CXX object CMakeFiles\walk_window_hires.dir\hal\actor_classes.cpp.obj
[54/57] Linking CXX executable smoke_persist.exe
[55/57] Linking CXX executable smoke_player.exe
[56/57] Linking CXX executable walk_window.exe
dsstate_guard: OK -- 14376 hosted DS symbols all inside .dsstate [0x1750000, 0x1854b17), 1067799 bytes captured (12909 matched by name, 1467 by mount object).
[57/57] Linking CXX executable walk_window_hires.exe
alternatename_guard: OK -- 2258 directive(s) scanned, 1741 fired, 23 baseline-known, 0 new defeats (45277 publics)
  sources: 0 registered directive file(s) plus every pragma in .c/.cpp/.h under port/, continuation lines included
  (line scanner, not a tokenizer: a commented-out pragma is scanned too. See THE COMMENT GAP.)
  117 directive(s) quoted in prose (doc files and source comments), NOT linker inputs, not measured:
    port/CMakeLists.txt:918
    port/CMakeLists.txt:942
    port/CMakeLists.txt:1142
    port/CMakeLists.txt:5077
    port/CMakeLists.txt:10608
    port/CMakeLists.txt:10716
    port/CMakeLists.txt:10798
    port/CMakeLists.txt:11038
    port/CMakeLists.txt:11249
    port/CMakeLists.txt:11312
    port/CMakeLists.txt:11321
    port/CMakeLists.txt:11768
    port/abi_checks.txt:1130
    port/ov004_ov007_2d_map.txt:272
    port/ov007_seat.txt:2911
    port/ov045_syms.txt:74
    port/ov090_syms.txt:108
    port/slice_ov007.txt:695
    port/slice_w1l4.txt:233
    port/slice_w1l5.txt:224
    port/stage_lifecycle_map.txt:1125
    port/stage_lifecycle_map.txt:1214
    port/hal/actor_classes_ov022.cpp:589
    port/hal/actor_classes_ov055.cpp:160
    port/hal/actor_classes_ov071.cpp:238
    port/hal/actor_classes_ov081.cpp:40
    port/hal/actor_classes_scuttlebug.cpp:127
    port/hal/actor_classes_wf.cpp:630
    port/hal/auto_bss.cpp:587
    port/hal/bob_enemy_bridges.cpp:320
    port/hal/bob_enemy_bridges.cpp:343
    port/hal/cxx_aliases.cpp:1138
    port/hal/scene_boot.cpp:2167
    port/hal/stage_slot0.cpp:392
    port/hal/stage_slot0.cpp:485
    port/hal/vs_aliases.inc:9
    port/hal/vs_aliases.inc:10
    port/hal/vs_aliases.inc:11
    port/hal/vs_aliases.inc:12
    port/hal/vs_aliases.inc:13
    port/hal/vs_aliases.inc:14
    port/hal/vs_aliases.inc:15
    port/hal/vs_aliases.inc:16
    port/hal/vs_aliases.inc:17
    port/hal/vs_aliases.inc:18
    port/hal/vs_aliases.inc:19
    port/hal/vs_aliases.inc:20
    port/hal/vs_aliases.inc:21
    port/hal/vs_aliases.inc:22
    port/hal/vs_aliases.inc:23
    port/hal/vs_aliases.inc:24
    port/hal/vs_aliases.inc:25
    port/hal/vs_aliases.inc:26
    port/hal/vs_aliases.inc:27
    port/hal/vs_aliases.inc:28
    port/hal/vs_aliases.inc:29
    port/hal/vs_aliases.inc:30
    port/hal/vs_aliases.inc:31
    port/hal/vs_aliases.inc:32
    port/hal/vs_aliases.inc:33
    port/hal/vs_aliases.inc:34
    port/hal/vs_aliases.inc:35
    port/hal/vs_aliases.inc:36
    port/hal/vs_aliases.inc:37
    port/hal/vs_aliases.inc:38
    port/hal/vs_aliases.inc:39
    port/hal/vs_aliases.inc:40
    port/hal/vs_aliases.inc:41
    port/hal/vs_aliases.inc:42
    port/hal/vs_aliases.inc:43
    port/hal/vs_aliases.inc:44
    port/hal/vs_aliases.inc:45
    port/hal/vs_aliases.inc:46
    port/hal/vs_aliases.inc:47
    port/hal/vs_aliases.inc:48
    port/hal/vs_aliases.inc:49
    port/hal/vs_aliases.inc:50
    port/hal/vs_aliases.inc:51
    port/hal/vs_aliases.inc:52
    port/hal/vs_aliases.inc:53
    port/hal/vs_aliases.inc:54
    port/hal/vs_aliases.inc:55
    port/hal/vs_aliases.inc:56
    port/hal/vs_aliases.inc:57
    port/hal/vs_aliases.inc:58
    port/hal/vs_aliases.inc:59
    port/hal/vs_aliases.inc:60
    port/hal/vs_aliases.inc:61
    port/hal/vs_aliases.inc:62
    port/hal/vs_aliases.inc:63
    port/hal/vs_aliases.inc:64
    port/hal/vs_aliases.inc:65
    port/hal/vs_aliases.inc:66
    port/hal/vs_aliases.inc:67
    port/hal/vs_aliases.inc:68
    port/hal/vs_aliases.inc:69
    port/hal/vs_aliases.inc:70
    port/hal/vs_aliases.inc:71
    port/hal/vs_aliases.inc:72
    port/hal/vs_aliases.inc:73
    port/hal/vs_aliases.inc:74
    port/hal/vs_aliases.inc:75
    port/hal/vs_aliases.inc:76
    port/hal/vs_aliases.inc:77
    port/hal/vs_aliases.inc:78
    port/hal/vs_aliases.inc:79
    port/hal/vs_aliases.inc:80
    port/hal/vs_aliases.inc:81
    port/hal/vs_aliases.inc:82
    port/hal/vs_aliases.inc:83
    port/hal/vs_aliases.inc:87
    port/unmatched/MgPachinko2_Dtor.cpp:28
    port/unmatched/MgPachinko2_Dtor.cpp:29
    port/unmatched/MgPachinko_Dtor.cpp:23
    port/unmatched/MgPachinko_Dtor.cpp:24
    port/unmatched/MgSmartball_SlotRestore.cpp:59
    port/unmatched/Ov007_DoodleCanvas_020b8fd4.cpp:86
gxband_guard: gxbank 3/25 maps (floor 3), 13 members, 36 deltas; dtcm 3/25 maps (floor 3), 1 members, 0 deltas; vsrank 3/25 maps (floor 3), 2 members, 3 deltas; vsstar 3/25 maps (floor 3), 2 members, 3 deltas; ready 3/25 maps (floor 3), 2 members, 3 deltas -- layout OK
tailjump_guard: 35 frames (7 A, 8 C, 22 veneer derived, 2 overlap), 97 assertions over 25 map(s); RETIRED 2: func_ov007_020add3c (func_ov007_020add3c is compiled from port/unmatched/Ov007_ImplicitR0_020add3c.cpp (object Ov007_ImplicitR0_020add3c.cpp.obj), not src/func_ov007_020add3c.c); func_ov007_020b6eb4 (func_ov007_020b6eb4 is compiled from port/unmatched/Ov007_BdPending_020b6eb4.cpp (object Ov007_BdPending_020b6eb4.cpp.obj), not src/func_ov007_020b6eb4.c) -- forms OK
